app/components/modals/AddPlaceModal.tsx(1,50): error TS2307: Cannot find module '@/utils/auth' or its corresponding type declarations.
app/components/modals/AddPlaceModal.tsx(2,44): error TS2307: Cannot find module '@/utils/permissions' or its corresponding type declarations.
app/screens/MapScreen.tsx(3679,24): error TS1252: Function declarations are not allowed inside blocks in strict mode when targeting 'ES5'. Modules are automatically in strict mode.
components/NotificationToast.tsx(1,34): error TS2307: Cannot find module '@/services/NotificationService' or its corresponding type declarations.
services/NotificationService.ts(1,50): error TS2307: Cannot find module '@/utils/auth' or its corresponding type declarations.
